../Inc/flex.c:9:6:enable_clocks	4	static
../Inc/flex.c:14:6:initialise_board	16	static
../Inc/flex.c:21:10:ReadADC	16	static
../Inc/flex.c:43:6:delay_ms	24	static
../Inc/flex.c:37:6:ContinuousReadSingleChannelADC	24	static
../Inc/flex.c:136:6:setup_gpio_PA3_OUTPUT	4	static
../Inc/flex.c:155:6:setup_gpio_PA6_INPUT	4	static
../Inc/flex.c:167:6:flex	8	static
../Inc/flex.c:182:6:setup_gpio_PA8_PA9	4	static
../Inc/flex.c:213:6:start_pwm_2_buzzers	40	static
../Inc/flex.c:236:6:setup_timer2_pwm	4	static
