../Core/Src/main.c:32:6:enable_clocks	4	static
../Core/Src/main.c:38:6:initialise_board	16	static
../Core/Src/main.c:45:10:get_distance	32	static
../Core/Src/main.c:76:5:main	104	static
../Core/Src/main.c:135:6:SystemClock_Config	128	static
../Core/Src/main.c:181:13:MX_I2C1_Init	8	static
../Core/Src/main.c:209:13:MX_SPI1_Init	8	static
../Core/Src/main.c:232:13:MX_USB_PCD_Init	8	static
../Core/Src/main.c:248:13:MX_GPIO_Init	48	static
../Core/Src/main.c:291:6:initialise_ptu_i2c	40	static
../Core/Src/main.c:303:6:Error_Handler	4	static,ignoring_inline_asm
