../Drivers/CMSIS/Include/core_cm4.h:1688:22:__NVIC_EnableIRQ	16	static
../Drivers/CMSIS/Include/core_cm4.h:1816:22:__NVIC_SetPriority	16	static
../Core/Src/serial.c:66:6:SerialInitialise	32	static
../Core/Src/serial.c:126:6:SerialOutputChar	16	static
../Core/Src/serial.c:135:6:SerialOutputString	24	static
../Core/Src/serial.c:153:6:finished_transmission	24	static
../Core/Src/serial.c:163:6:SerialOut_IRQ	8	static
../Core/Src/serial.c:181:6:SerialOut	16	static
../Core/Src/serial.c:195:6:ClearInput	16	static
../Core/Src/serial.c:203:6:FullClear	16	static
../Core/Src/serial.c:209:6:SerialInput	16	static
../Core/Src/serial.c:237:6:DoubleBuffer	24	static
../Core/Src/serial.c:252:6:upper	24	static
../Core/Src/serial.c:259:6:EchoInput	128	static
../Core/Src/serial.c:276:6:USART1_IRQHandler	8	static
../Core/Src/serial.c:286:6:enable_USART_interrupt	8	static,ignoring_inline_asm
../Core/Src/serial.c:296:6:enable_tx_interrupt	4	static,ignoring_inline_asm
../Core/Src/serial.c:302:6:disable_tx_interrupt	4	static,ignoring_inline_asm
