Archive member included to satisfy reference by file (symbol)

D:/ST/STM32CubeIDE_1.14.1/STM32CubeIDE/plugins/com.st.stm32cube.ide.mcu.externaltools.gnu-tools-for-stm32.12.3.rel1.win32_1.0.100.202403111256/tools/bin/../lib/gcc/arm-none-eabi/12.3.1/../../../../arm-none-eabi/lib/thumb/v7e-m+fp/hard\libc_nano.a(libc_a-exit.o)
                              D:/ST/STM32CubeIDE_1.14.1/STM32CubeIDE/plugins/com.st.stm32cube.ide.mcu.externaltools.gnu-tools-for-stm32.12.3.rel1.win32_1.0.100.202403111256/tools/bin/../lib/gcc/arm-none-eabi/12.3.1/../../../../arm-none-eabi/lib/thumb/v7e-m+fp/hard/crt0.o (exit)
D:/ST/STM32CubeIDE_1.14.1/STM32CubeIDE/plugins/com.st.stm32cube.ide.mcu.externaltools.gnu-tools-for-stm32.12.3.rel1.win32_1.0.100.202403111256/tools/bin/../lib/gcc/arm-none-eabi/12.3.1/../../../../arm-none-eabi/lib/thumb/v7e-m+fp/hard\libc_nano.a(libc_a-findfp.o)
                              D:/ST/STM32CubeIDE_1.14.1/STM32CubeIDE/plugins/com.st.stm32cube.ide.mcu.externaltools.gnu-tools-for-stm32.12.3.rel1.win32_1.0.100.202403111256/tools/bin/../lib/gcc/arm-none-eabi/12.3.1/../../../../arm-none-eabi/lib/thumb/v7e-m+fp/hard\libc_nano.a(libc_a-exit.o) (__stdio_exit_handler)
D:/ST/STM32CubeIDE_1.14.1/STM32CubeIDE/plugins/com.st.stm32cube.ide.mcu.externaltools.gnu-tools-for-stm32.12.3.rel1.win32_1.0.100.202403111256/tools/bin/../lib/gcc/arm-none-eabi/12.3.1/../../../../arm-none-eabi/lib/thumb/v7e-m+fp/hard\libc_nano.a(libc_a-fwalk.o)
                              D:/ST/STM32CubeIDE_1.14.1/STM32CubeIDE/plugins/com.st.stm32cube.ide.mcu.externaltools.gnu-tools-for-stm32.12.3.rel1.win32_1.0.100.202403111256/tools/bin/../lib/gcc/arm-none-eabi/12.3.1/../../../../arm-none-eabi/lib/thumb/v7e-m+fp/hard\libc_nano.a(libc_a-findfp.o) (_fwalk_sglue)
D:/ST/STM32CubeIDE_1.14.1/STM32CubeIDE/plugins/com.st.stm32cube.ide.mcu.externaltools.gnu-tools-for-stm32.12.3.rel1.win32_1.0.100.202403111256/tools/bin/../lib/gcc/arm-none-eabi/12.3.1/../../../../arm-none-eabi/lib/thumb/v7e-m+fp/hard\libc_nano.a(libc_a-stdio.o)
                              D:/ST/STM32CubeIDE_1.14.1/STM32CubeIDE/plugins/com.st.stm32cube.ide.mcu.externaltools.gnu-tools-for-stm32.12.3.rel1.win32_1.0.100.202403111256/tools/bin/../lib/gcc/arm-none-eabi/12.3.1/../../../../arm-none-eabi/lib/thumb/v7e-m+fp/hard\libc_nano.a(libc_a-findfp.o) (__sread)
D:/ST/STM32CubeIDE_1.14.1/STM32CubeIDE/plugins/com.st.stm32cube.ide.mcu.externaltools.gnu-tools-for-stm32.12.3.rel1.win32_1.0.100.202403111256/tools/bin/../lib/gcc/arm-none-eabi/12.3.1/../../../../arm-none-eabi/lib/thumb/v7e-m+fp/hard\libc_nano.a(libc_a-memset.o)
                              D:/ST/STM32CubeIDE_1.14.1/STM32CubeIDE/plugins/com.st.stm32cube.ide.mcu.externaltools.gnu-tools-for-stm32.12.3.rel1.win32_1.0.100.202403111256/tools/bin/../lib/gcc/arm-none-eabi/12.3.1/../../../../arm-none-eabi/lib/thumb/v7e-m+fp/hard/crt0.o (memset)
D:/ST/STM32CubeIDE_1.14.1/STM32CubeIDE/plugins/com.st.stm32cube.ide.mcu.externaltools.gnu-tools-for-stm32.12.3.rel1.win32_1.0.100.202403111256/tools/bin/../lib/gcc/arm-none-eabi/12.3.1/../../../../arm-none-eabi/lib/thumb/v7e-m+fp/hard\libc_nano.a(libc_a-closer.o)
                              D:/ST/STM32CubeIDE_1.14.1/STM32CubeIDE/plugins/com.st.stm32cube.ide.mcu.externaltools.gnu-tools-for-stm32.12.3.rel1.win32_1.0.100.202403111256/tools/bin/../lib/gcc/arm-none-eabi/12.3.1/../../../../arm-none-eabi/lib/thumb/v7e-m+fp/hard\libc_nano.a(libc_a-stdio.o) (_close_r)
D:/ST/STM32CubeIDE_1.14.1/STM32CubeIDE/plugins/com.st.stm32cube.ide.mcu.externaltools.gnu-tools-for-stm32.12.3.rel1.win32_1.0.100.202403111256/tools/bin/../lib/gcc/arm-none-eabi/12.3.1/../../../../arm-none-eabi/lib/thumb/v7e-m+fp/hard\libc_nano.a(libc_a-reent.o)
                              D:/ST/STM32CubeIDE_1.14.1/STM32CubeIDE/plugins/com.st.stm32cube.ide.mcu.externaltools.gnu-tools-for-stm32.12.3.rel1.win32_1.0.100.202403111256/tools/bin/../lib/gcc/arm-none-eabi/12.3.1/../../../../arm-none-eabi/lib/thumb/v7e-m+fp/hard\libc_nano.a(libc_a-closer.o) (errno)
D:/ST/STM32CubeIDE_1.14.1/STM32CubeIDE/plugins/com.st.stm32cube.ide.mcu.externaltools.gnu-tools-for-stm32.12.3.rel1.win32_1.0.100.202403111256/tools/bin/../lib/gcc/arm-none-eabi/12.3.1/../../../../arm-none-eabi/lib/thumb/v7e-m+fp/hard\libc_nano.a(libc_a-impure.o)
                              D:/ST/STM32CubeIDE_1.14.1/STM32CubeIDE/plugins/com.st.stm32cube.ide.mcu.externaltools.gnu-tools-for-stm32.12.3.rel1.win32_1.0.100.202403111256/tools/bin/../lib/gcc/arm-none-eabi/12.3.1/../../../../arm-none-eabi/lib/thumb/v7e-m+fp/hard\libc_nano.a(libc_a-reent.o) (_impure_ptr)
D:/ST/STM32CubeIDE_1.14.1/STM32CubeIDE/plugins/com.st.stm32cube.ide.mcu.externaltools.gnu-tools-for-stm32.12.3.rel1.win32_1.0.100.202403111256/tools/bin/../lib/gcc/arm-none-eabi/12.3.1/../../../../arm-none-eabi/lib/thumb/v7e-m+fp/hard\libc_nano.a(libc_a-lseekr.o)
[...]
Memory Configuration

Name             Origin             Length             Attributes
CCMRAM           0x10000000         0x00002000         xrw
RAM              0x20000000         0x0000a000         xrw
FLASH            0x08000000         0x00040000         xr
*default*        0x00000000         0xffffffff

Linker script and memory map

LOAD D:/ST/STM32CubeIDE_1.14.1/STM32CubeIDE/plugins/com.st.stm32cube.ide.mcu.externaltools.gnu-tools-for-stm32.12.3.rel1.win32_1.0.100.202403111256/tools/bin/../lib/gcc/arm-none-eabi/12.3.1/thumb/v7e-m+fp/hard/crti.o
LOAD D:/ST/STM32CubeIDE_1.14.1/STM32CubeIDE/plugins/com.st.stm32cube.ide.mcu.externaltools.gnu-tools-for-stm32.12.3.rel1.win32_1.0.100.202403111256/tools/bin/../lib/gcc/arm-none-eabi/12.3.1/thumb/v7e-m+fp/hard/crtbegin.o
LOAD D:/ST/STM32CubeIDE_1.14.1/STM32CubeIDE/plugins/com.st.stm32cube.ide.mcu.externaltools.gnu-tools-for-stm32.12.3.rel1.win32_1.0.100.202403111256/tools/bin/../lib/gcc/arm-none-eabi/12.3.1/../../../../arm-none-eabi/lib/thumb/v7e-m+fp/hard/crt0.o
LOAD ./Inc/flex.o
LOAD ./Src/main.o
LOAD ./Src/syscalls.o
LOAD ./Src/sysmem.o
LOAD ./Startup/startup_stm32f303vctx.o
START GROUP
LOAD D:/ST/STM32CubeIDE_1.14.1/STM32CubeIDE/plugins/com.st.stm32cube.ide.mcu.externaltools.gnu-tools-for-stm32.12.3.rel1.win32_1.0.100.202403111256/tools/bin/../lib/gcc/arm-none-eabi/12.3.1/../../../../arm-none-eabi/lib/thumb/v7e-m+fp/hard\libc_nano.a
LOAD D:/ST/STM32CubeIDE_1.14.1/STM32CubeIDE/plugins/com.st.stm32cube.ide.mcu.externaltools.gnu-tools-for-stm32.12.3.rel1.win32_1.0.100.202403111256/tools/bin/../lib/gcc/arm-none-eabi/12.3.1/../../../../arm-none-eabi/lib/thumb/v7e-m+fp/hard\libm.a
END GROUP
START GROUP
LOAD D:/ST/STM32CubeIDE_1.14.1/STM32CubeIDE/plugins/com.st.stm32cube.ide.mcu.externaltools.gnu-tools-for-stm32.12.3.rel1.win32_1.0.100.202403111256/tools/bin/../lib/gcc/arm-none-eabi/12.3.1/thumb/v7e-m+fp/hard\libgcc.a
LOAD D:/ST/STM32CubeIDE_1.14.1/STM32CubeIDE/plugins/com.st.stm32cube.ide.mcu.externaltools.gnu-tools-for-stm32.12.3.rel1.win32_1.0.100.202403111256/tools/bin/../lib/gcc/arm-none-eabi/12.3.1/../../../../arm-none-eabi/lib/thumb/v7e-m+fp/hard\libc_nano.a
END GROUP
START GROUP
LOAD D:/ST/STM32CubeIDE_1.14.1/STM32CubeIDE/plugins/com.st.stm32cube.ide.mcu.externaltools.gnu-tools-for-stm32.12.3.rel1.win32_1.0.100.202403111256/tools/bin/../lib/gcc/arm-none-eabi/12.3.1/thumb/v7e-m+fp/hard\libgcc.a
LOAD D:/ST/STM32CubeIDE_1.14.1/STM32CubeIDE/plugins/com.st.stm32cube.ide.mcu.externaltools.gnu-tools-for-stm32.12.3.rel1.win32_1.0.100.202403111256/tools/bin/../lib/gcc/arm-none-eabi/12.3.1/../../../../arm-none-eabi/lib/thumb/v7e-m+fp/hard\libc_nano.a
LOAD D:/ST/STM32CubeIDE_1.14.1/STM32CubeIDE/plugins/com.st.stm32cube.ide.mcu.externaltools.gnu-tools-for-stm32.12.3.rel1.win32_1.0.100.202403111256/tools/bin/../lib/gcc/arm-none-eabi/12.3.1/../../../../arm-none-eabi/lib/thumb/v7e-m+fp/hard\libnosys.a
END GROUP
START GROUP
LOAD D:/ST/STM32CubeIDE_1.14.1/STM32CubeIDE/plugins/com.st.stm32cube.ide.mcu.externaltools.gnu-tools-for-stm32.12.3.rel1.win32_1.0.100.202403111256/tools/bin/../lib/gcc/arm-none-eabi/12.3.1/thumb/v7e-m+fp/hard\libgcc.a
LOAD D:/ST/STM32CubeIDE_1.14.1/STM32CubeIDE/plugins/com.st.stm32cube.ide.mcu.externaltools.gnu-tools-for-stm32.12.3.rel1.win32_1.0.100.202403111256/tools/bin/../lib/gcc/arm-none-eabi/12.3.1/../../../../arm-none-eabi/lib/thumb/v7e-m+fp/hard\libc_nano.a
LOAD D:/ST/STM32CubeIDE_1.14.1/STM32CubeIDE/plugins/com.st.stm32cube.ide.mcu.externaltools.gnu-tools-for-stm32.12.3.rel1.win32_1.0.100.202403111256/tools/bin/../lib/gcc/arm-none-eabi/12.3.1/../../../../arm-none-eabi/lib/thumb/v7e-m+fp/hard\libnosys.a
END GROUP
LOAD D:/ST/STM32CubeIDE_1.14.1/STM32CubeIDE/plugins/com.st.stm32cube.ide.mcu.externaltools.gnu-tools-for-stm32.12.3.rel1.win32_1.0.100.202403111256/tools/bin/../lib/gcc/arm-none-eabi/12.3.1/thumb/v7e-m+fp/hard/crtend.o
LOAD D:/ST/STM32CubeIDE_1.14.1/STM32CubeIDE/plugins/com.st.stm32cube.ide.mcu.externaltools.gnu-tools-for-stm32.12.3.rel1.win32_1.0.100.202403111256/tools/bin/../lib/gcc/arm-none-eabi/12.3.1/thumb/v7e-m+fp/hard/crtn.o
                0x2000a000                        _estack = (ORIGIN (RAM) + LENGTH (RAM))
                0x00000200                        _Min_Heap_Size = 0x200
                0x00000400                        _Min_Stack_Size = 0x400

.isr_vector     0x08000000      0x194
                0x08000000                        . = ALIGN (0x4)
 *(.isr_vector)
 .isr_vector    0x08000000      0x194 ./Startup/startup_stm32f303vctx.o
                0x08000000                g_pfnVectors
                0x08000194                        . = ALIGN (0x4)

.text           0x08000194      0x56c
                0x08000194                        . = ALIGN (0x4)
 *(.text)
 .text          0x08000194       0x40 D:/ST/STM32CubeIDE_1.14.1/STM32CubeIDE/plugins/com.st.stm32cube.ide.mcu.externaltools.gnu-tools-for-stm32.12.3.rel1.win32_1.0.100.202403111256/tools/bin/../lib/gcc/arm-none-eabi/12.3.1/thumb/v7e-m+fp/hard/crtbegin.o
 *(.text*)
 .text.enable_clocks
                0x080001d4       0x20 ./Inc/flex.o
                0x080001d4                enable_clocks
 .text.initialise_board
                0x080001f4       0x24 ./Inc/flex.o
                0x080001f4                initialise_board
 .text.delay_ms.0
                0x08000218       0x36 ./Inc/flex.o
 *fill*         0x0800024e        0x2 
 .text.ContinuousReadSingleChannelADC
                0x08000250      0x1ac ./Inc/flex.o
                0x08000250                ContinuousReadSingleChannelADC
 .text.setup_gpio_PA3_OUTPUT
                0x080003fc       0x70 ./Inc/flex.o
                0x080003fc                setup_gpio_PA3_OUTPUT
 .text.setup_gpio_PA8_PA9
                0x0800046c       0xa0 ./Inc/flex.o
                0x0800046c                setup_gpio_PA8_PA9
 .text.start_pwm_2_buzzers
                0x0800050c       0x90 ./Inc/flex.o
                0x0800050c                start_pwm_2_buzzers
 .text.setup_timer2_pwm
                0x0800059c       0x90 ./Inc/flex.o
                0x0800059c                setup_timer2_pwm
 .text.main     0x0800062c       0x1e ./Src/main.o
                0x0800062c                main
 *fill*         0x0800064a        0x2 
 .text.Reset_Handler
                0x0800064c       0x50 ./Startup/startup_stm32f303vctx.o
                0x0800064c                Reset_Handler
 .text.Default_Handler
                0x0800069c        0x2 ./Startup/startup_stm32f303vctx.o
                0x0800069c                TIM8_TRG_COM_IRQHandler
                0x0800069c                TIM8_CC_IRQHandler
                0x0800069c                DebugMon_Handler
                0x0800069c                DMA1_CH4_IRQHandler
                0x0800069c                SPI4_IRQHandler
                0x0800069c                TIM1_CC_IRQHandler
                0x0800069c                HardFault_Handler
                0x0800069c                USB_HP_IRQHandler
                0x0800069c                I2C2_EV_EXTI24_IRQHandler
                0x0800069c                SysTick_Handler
                0x0800069c                USB_WKUP_EXTI_IRQHandler
                0x0800069c                PVD_IRQHandler
                0x0800069c                UART4_EXTI34_IRQHandler
                0x0800069c                TAMP_STAMP_IRQHandler
                0x0800069c                PendSV_Handler
                0x0800069c                NMI_Handler
                0x0800069c                EXTI3_IRQHandler
                0x0800069c                I2C3_ER_IRQHandler
                0x0800069c                TIM6_DACUNDER_IRQHandler
                0x0800069c                USB_HP_CAN_TX_IRQHandler
                0x0800069c                EXTI0_IRQHandler
                0x0800069c                DMA2_CH1_IRQHandler
                0x0800069c                TIM1_UP_TIM16_IRQHandler
                0x0800069c                UsageFault_Handler
                0x0800069c                ADC1_2_IRQHandler
                0x0800069c                SPI1_IRQHandler
                0x0800069c                CAN_SCE_IRQHandler
                0x0800069c                DMA1_CH7_IRQHandler
                0x0800069c                TIM8_UP_IRQHandler
                0x0800069c                COMP456_IRQHandler
                0x0800069c                DMA1_CH6_IRQHandler
                0x0800069c                TIM20_TRG_COM_IRQHandler
                0x0800069c                ADC3_IRQHandler
                0x0800069c                TIM4_IRQHandler
                0x0800069c                CAN_RX1_IRQHandler
                0x0800069c                USART1_EXTI25_IRQHandler
                0x0800069c                DMA2_CH5_IRQHandler
                0x0800069c                I2C1_EV_EXTI23_IRQHandler
                0x0800069c                DMA1_CH3_IRQHandler
                0x0800069c                TIM3_IRQHandler
                0x0800069c                RCC_IRQHandler
                0x0800069c                TIM20_UP_IRQHandler
                0x0800069c                Default_Handler
                0x0800069c                EXTI15_10_IRQHandler
                0x0800069c                USART2_EXTI26_IRQHandler
                0x0800069c                USART3_EXTI28_IRQHandler
                0x0800069c                TIM7_IRQHandler
                0x0800069c                I2C3_EV_IRQHandler
                0x0800069c                EXTI9_5_IRQHandler
                0x0800069c                DMA1_CH2_IRQHandler
                0x0800069c                RTC_WKUP_IRQHandler
                0x0800069c                SPI2_IRQHandler
                0x0800069c                DMA1_CH1_IRQHandler
                0x0800069c                USB_LP_CAN_RX0_IRQHandler
                0x0800069c                MemManage_Handler
                0x0800069c                COMP123_IRQHandler
                0x0800069c                SVC_Handler
                0x0800069c                USB_LP_IRQHandler
                0x0800069c                EXTI4_IRQHandler
                0x0800069c                TIM1_TRG_COM_TIM17_IRQHandler
                0x0800069c                ADC4_IRQHandler
                0x0800069c                WWDG_IRQHandler
                0x0800069c                TIM2_IRQHandler
                0x0800069c                COMP7_IRQHandler
                0x0800069c                EXTI1_IRQHandler
                0x0800069c                RTCAlarm_IRQHandler
                0x0800069c                UART5_EXTI35_IRQHandler
                0x0800069c                TIM20_BRK_IRQHandler
                0x0800069c                I2C2_ER_IRQHandler
                0x0800069c                TIM8_BRK_IRQHandler
                0x0800069c                FLASH_IRQHandler
                0x0800069c                TIM20_CC_IRQHandler
                0x0800069c                BusFault_Handler
                0x0800069c                SPI3_IRQHandler
                0x0800069c                DMA2_CH3_IRQHandler
                0x0800069c                DMA2_CH2_IRQHandler
                0x0800069c                I2C1_ER_IRQHandler
                0x0800069c                FMC_IRQHandler
                0x0800069c                DMA1_CH5_IRQHandler
                0x0800069c                DMA2_CH4_IRQHandler
                0x0800069c                USB_WKUP_IRQHandler
                0x0800069c                EXTI2_TSC_IRQHandler
                0x0800069c                TIM1_BRK_TIM15_IRQHandler
 *fill*         0x0800069e        0x2 
 .text.__libc_init_array
                0x080006a0       0x48 D:/ST/STM32CubeIDE_1.14.1/STM32CubeIDE/plugins/com.st.stm32cube.ide.mcu.externaltools.gnu-tools-for-stm32.12.3.rel1.win32_1.0.100.202403111256/tools/bin/../lib/gcc/arm-none-eabi/12.3.1/../../../../arm-none-eabi/lib/thumb/v7e-m+fp/hard\libc_nano.a(libc_a-init.o)
                0x080006a0                __libc_init_array
 *(.glue_7)
 .glue_7        0x080006e8        0x0 linker stubs
 *(.glue_7t)
 .glue_7t       0x080006e8        0x0 linker stubs
 *(.eh_frame)
 .eh_frame      0x080006e8        0x0 D:/ST/STM32CubeIDE_1.14.1/STM32CubeIDE/plugins/com.st.stm32cube.ide.mcu.externaltools.gnu-tools-for-stm32.12.3.rel1.win32_1.0.100.202403111256/tools/bin/../lib/gcc/arm-none-eabi/12.3.1/thumb/v7e-m+fp/hard/crtbegin.o
 *(.init)
 .init          0x080006e8        0x4 D:/ST/STM32CubeIDE_1.14.1/STM32CubeIDE/plugins/com.st.stm32cube.ide.mcu.externaltools.gnu-tools-for-stm32.12.3.rel1.win32_1.0.100.202403111256/tools/bin/../lib/gcc/arm-none-eabi/12.3.1/thumb/v7e-m+fp/hard/crti.o
                0x080006e8                _init
 .init          0x080006ec        0x8 D:/ST/STM32CubeIDE_1.14.1/STM32CubeIDE/plugins/com.st.stm32cube.ide.mcu.externaltools.gnu-tools-for-stm32.12.3.rel1.win32_1.0.100.202403111256/tools/bin/../lib/gcc/arm-none-eabi/12.3.1/thumb/v7e-m+fp/hard/crtn.o
 *(.fini)
 .fini          0x080006f4        0x4 D:/ST/STM32CubeIDE_1.14.1/STM32CubeIDE/plugins/com.st.stm32cube.ide.mcu.externaltools.gnu-tools-for-stm32.12.3.rel1.win32_1.0.100.202403111256/tools/bin/../lib/gcc/arm-none-eabi/12.3.1/thumb/v7e-m+fp/hard/crti.o
                0x080006f4                _fini
 .fini          0x080006f8        0x8 D:/ST/STM32CubeIDE_1.14.1/STM32CubeIDE/plugins/com.st.stm32cube.ide.mcu.externaltools.gnu-tools-for-stm32.12.3.rel1.win32_1.0.100.202403111256/tools/bin/../lib/gcc/arm-none-eabi/12.3.1/thumb/v7e-m+fp/hard/crtn.o
                0x08000700                        . = ALIGN (0x4)
                0x08000700                        _etext = .

.vfp11_veneer   0x08000700        0x0
 .vfp11_veneer  0x08000700        0x0 linker stubs

.v4_bx          0x08000700        0x0
 .v4_bx         0x08000700        0x0 linker stubs

.iplt           0x08000700        0x0
 .iplt          0x08000700        0x0 D:/ST/STM32CubeIDE_1.14.1/STM32CubeIDE/plugins/com.st.stm32cube.ide.mcu.externaltools.gnu-tools-for-stm32.12.3.rel1.win32_1.0.100.202403111256/tools/bin/../lib/gcc/arm-none-eabi/12.3.1/thumb/v7e-m+fp/hard/crtbegin.o

.rodata         0x08000700        0x0
                0x08000700                        . = ALIGN (0x4)
 *(.rodata)
 *(.rodata*)
                0x08000700                        . = ALIGN (0x4)

.ARM.extab      0x08000700        0x0
                0x08000700                        . = ALIGN (0x4)
 *(.ARM.extab* .gnu.linkonce.armextab.*)
                0x08000700                        . = ALIGN (0x4)

.ARM            0x08000700        0x0
                0x08000700                        . = ALIGN (0x4)
                0x08000700                        __exidx_start = .
 *(.ARM.exidx*)
                0x08000700                        __exidx_end = .
                0x08000700                        . = ALIGN (0x4)

.preinit_array  0x08000700        0x0
                0x08000700                        . = ALIGN (0x4)
                0x08000700                        PROVIDE (__preinit_array_start = .)
 *(.preinit_array*)
                0x08000700                        PROVIDE (__preinit_array_end = .)
                0x08000700                        . = ALIGN (0x4)

.init_array     0x08000700        0x4
                0x08000700                        . = ALIGN (0x4)
                0x08000700                        PROVIDE (__init_array_start = .)
 *(SORT_BY_NAME(.init_array.*))
 *(.init_array*)
 .init_array    0x08000700        0x4 D:/ST/STM32CubeIDE_1.14.1/STM32CubeIDE/plugins/com.st.stm32cube.ide.mcu.externaltools.gnu-tools-for-stm32.12.3.rel1.win32_1.0.100.202403111256/tools/bin/../lib/gcc/arm-none-eabi/12.3.1/thumb/v7e-m+fp/hard/crtbegin.o
                0x08000704                        PROVIDE (__init_array_end = .)
                0x08000704                        . = ALIGN (0x4)

.fini_array     0x08000704        0x4
                0x08000704                        . = ALIGN (0x4)
                [!provide]                        PROVIDE (__fini_array_start = .)
 *(SORT_BY_NAME(.fini_array.*))
 *(.fini_array*)
 .fini_array    0x08000704        0x4 D:/ST/STM32CubeIDE_1.14.1/STM32CubeIDE/plugins/com.st.stm32cube.ide.mcu.externaltools.gnu-tools-for-stm32.12.3.rel1.win32_1.0.100.202403111256/tools/bin/../lib/gcc/arm-none-eabi/12.3.1/thumb/v7e-m+fp/hard/crtbegin.o
                [!provide]                        PROVIDE (__fini_array_end = .)
                0x08000708                        . = ALIGN (0x4)
                0x08000708                        _sidata = LOADADDR (.data)

.rel.dyn        0x08000708        0x0
 .rel.iplt      0x08000708        0x0 D:/ST/STM32CubeIDE_1.14.1/STM32CubeIDE/plugins/com.st.stm32cube.ide.mcu.externaltools.gnu-tools-for-stm32.12.3.rel1.win32_1.0.100.202403111256/tools/bin/../lib/gcc/arm-none-eabi/12.3.1/thumb/v7e-m+fp/hard/crtbegin.o

.data           0x20000000        0x0 load address 0x08000708
                0x20000000                        . = ALIGN (0x4)
                0x20000000                        _sdata = .
 *(.data)
 *(.data*)
 *(.RamFunc)
 *(.RamFunc*)
                0x20000000                        . = ALIGN (0x4)
                0x20000000                        _edata = .
                0x08000708                        _siccmram = LOADADDR (.ccmram)

.igot.plt       0x20000000        0x0 load address 0x08000708
 .igot.plt      0x20000000        0x0 D:/ST/STM32CubeIDE_1.14.1/STM32CubeIDE/plugins/com.st.stm32cube.ide.mcu.externaltools.gnu-tools-for-stm32.12.3.rel1.win32_1.0.100.202403111256/tools/bin/../lib/gcc/arm-none-eabi/12.3.1/thumb/v7e-m+fp/hard/crtbegin.o

.ccmram         0x10000000        0x0 load address 0x08000708
                0x10000000                        . = ALIGN (0x4)
                0x10000000                        _sccmram = .
 *(.ccmram)
 *(.ccmram*)
                0x10000000                        . = ALIGN (0x4)
                0x10000000                        _eccmram = .
                0x10000000                        . = ALIGN (0x4)

.bss            0x20000000       0x1c
                0x20000000                        _sbss = .
                0x20000000                        __bss_start__ = _sbss
 *(.bss)
 .bss           0x20000000       0x1c D:/ST/STM32CubeIDE_1.14.1/STM32CubeIDE/plugins/com.st.stm32cube.ide.mcu.externaltools.gnu-tools-for-stm32.12.3.rel1.win32_1.0.100.202403111256/tools/bin/../lib/gcc/arm-none-eabi/12.3.1/thumb/v7e-m+fp/hard/crtbegin.o
 *(.bss*)
 *(COMMON)
                0x2000001c                        . = ALIGN (0x4)
                0x2000001c                        _ebss = .
                0x2000001c                        __bss_end__ = _ebss

._user_heap_stack
                0x2000001c      0x604
                0x20000020                        . = ALIGN (0x8)
 *fill*         0x2000001c        0x4 
                [!provide]                        PROVIDE (end = .)
                0x20000020                        PROVIDE (_end = .)
                0x20000220                        . = (. + _Min_Heap_Size)
 *fill*         0x20000020      0x200 
                0x20000620                        . = (. + _Min_Stack_Size)
 *fill*         0x20000220      0x400 
                0x20000620                        . = ALIGN (0x8)

/DISCARD/
 libc.a(*)
 libm.a(*)
 libgcc.a(*)

.ARM.attributes
                0x00000000       0x30
 *(.ARM.attributes)
 .ARM.attributes
                0x00000000       0x22 D:/ST/STM32CubeIDE_1.14.1/STM32CubeIDE/plugins/com.st.stm32cube.ide.mcu.externaltools.gnu-tools-for-stm32.12.3.rel1.win32_1.0.100.202403111256/tools/bin/../lib/gcc/arm-none-eabi/12.3.1/thumb/v7e-m+fp/hard/crti.o
 .ARM.attributes
                0x00000022       0x34 D:/ST/STM32CubeIDE_1.14.1/STM32CubeIDE/plugins/com.st.stm32cube.ide.mcu.externaltools.gnu-tools-for-stm32.12.3.rel1.win32_1.0.100.202403111256/tools/bin/../lib/gcc/arm-none-eabi/12.3.1/thumb/v7e-m+fp/hard/crtbegin.o
 .ARM.attributes
                0x00000056       0x34 ./Inc/flex.o
 .ARM.attributes
                0x0000008a       0x34 ./Src/main.o
 .ARM.attributes
                0x000000be       0x21 ./Startup/startup_stm32f303vctx.o
 .ARM.attributes
                0x000000df       0x34 D:/ST/STM32CubeIDE_1.14.1/STM32CubeIDE/plugins/com.st.stm32cube.ide.mcu.externaltools.gnu-tools-for-stm32.12.3.rel1.win32_1.0.100.202403111256/tools/bin/../lib/gcc/arm-none-eabi/12.3.1/../../../../arm-none-eabi/lib/thumb/v7e-m+fp/hard\libc_nano.a(libc_a-init.o)
 .ARM.attributes
                0x00000113       0x22 D:/ST/STM32CubeIDE_1.14.1/STM32CubeIDE/plugins/com.st.stm32cube.ide.mcu.externaltools.gnu-tools-for-stm32.12.3.rel1.win32_1.0.100.202403111256/tools/bin/../lib/gcc/arm-none-eabi/12.3.1/thumb/v7e-m+fp/hard/crtn.o
OUTPUT(FLEX_RESISTOR_SYS.elf elf32-littlearm)
LOAD linker stubs
LOAD D:/ST/STM32CubeIDE_1.14.1/STM32CubeIDE/plugins/com.st.stm32cube.ide.mcu.externaltools.gnu-tools-for-stm32.12.3.rel1.win32_1.0.100.202403111256/tools/bin/../lib/gcc/arm-none-eabi/12.3.1/../../../../arm-none-eabi/lib/thumb/v7e-m+fp/hard\libc.a
LOAD D:/ST/STM32CubeIDE_1.14.1/STM32CubeIDE/plugins/com.st.stm32cube.ide.mcu.externaltools.gnu-tools-for-stm32.12.3.rel1.win32_1.0.100.202403111256/tools/bin/../lib/gcc/arm-none-eabi/12.3.1/../../../../arm-none-eabi/lib/thumb/v7e-m+fp/hard\libm.a
LOAD D:/ST/STM32CubeIDE_1.14.1/STM32CubeIDE/plugins/com.st.stm32cube.ide.mcu.externaltools.gnu-tools-for-stm32.12.3.rel1.win32_1.0.100.202403111256/tools/bin/../lib/gcc/arm-none-eabi/12.3.1/thumb/v7e-m+fp/hard\libgcc.a

.debug_info     0x00000000      0x831
 .debug_info    0x00000000      0x74a ./Inc/flex.o
 .debug_info    0x0000074a       0xb7 ./Src/main.o
 .debug_info    0x00000801       0x30 ./Startup/startup_stm32f303vctx.o

.debug_abbrev   0x00000000      0x2d3
 .debug_abbrev  0x00000000      0x239 ./Inc/flex.o
 .debug_abbrev  0x00000239       0x76 ./Src/main.o
 .debug_abbrev  0x000002af       0x24 ./Startup/startup_stm32f303vctx.o

.debug_aranges  0x00000000       0xb8
 .debug_aranges
                0x00000000       0x70 ./Inc/flex.o
 .debug_aranges
                0x00000070       0x20 ./Src/main.o
 .debug_aranges
                0x00000090       0x28 ./Startup/startup_stm32f303vctx.o

.debug_rnglists
                0x00000000       0x7f
 .debug_rnglists
                0x00000000       0x53 ./Inc/flex.o
 .debug_rnglists
                0x00000053       0x13 ./Src/main.o
 .debug_rnglists
                0x00000066       0x19 ./Startup/startup_stm32f303vctx.o

.debug_macro    0x00000000    0x14f2b
 .debug_macro   0x00000000       0xdc ./Inc/flex.o
 .debug_macro   0x000000dc      0xac0 ./Inc/flex.o
 .debug_macro   0x00000b9c       0x22 ./Inc/flex.o
 .debug_macro   0x00000bbe       0x8e ./Inc/flex.o
 .debug_macro   0x00000c4c       0x51 ./Inc/flex.o
 .debug_macro   0x00000c9d      0x103 ./Inc/flex.o
 .debug_macro   0x00000da0       0x6a ./Inc/flex.o
 .debug_macro   0x00000e0a      0x1df ./Inc/flex.o
 .debug_macro   0x00000fe9       0x28 ./Inc/flex.o
 .debug_macro   0x00001011       0x1c ./Inc/flex.o
 .debug_macro   0x0000102d       0x22 ./Inc/flex.o
 .debug_macro   0x0000104f       0xd9 ./Inc/flex.o
 .debug_macro   0x00001128     0x102d ./Inc/flex.o
 .debug_macro   0x00002155      0x11f ./Inc/flex.o
 .debug_macro   0x00002274    0x12a3a ./Inc/flex.o
 .debug_macro   0x00014cae      0x189 ./Inc/flex.o
 .debug_macro   0x00014e37       0x22 ./Inc/flex.o
 .debug_macro   0x00014e59       0xd2 ./Src/main.o

.debug_line     0x00000000      0xcd5
 .debug_line    0x00000000      0x7b2 ./Inc/flex.o
 .debug_line    0x000007b2      0x4a8 ./Src/main.o
 .debug_line    0x00000c5a       0x7b ./Startup/startup_stm32f303vctx.o

.debug_str      0x00000000    0x7276d
 .debug_str     0x00000000    0x7271b ./Inc/flex.o
                              0x72905 (size before relaxing)
 .debug_str     0x0007271b       0x13 ./Src/main.o
                              0x722e6 (size before relaxing)
 .debug_str     0x0007272e       0x3f ./Startup/startup_stm32f303vctx.o
                                 0x85 (size before relaxing)

.comment        0x00000000       0x43
 .comment       0x00000000       0x43 ./Inc/flex.o
                                 0x44 (size before relaxing)
 .comment       0x00000043       0x44 ./Src/main.o

.debug_frame    0x00000000      0x1e4
 .debug_frame   0x00000000      0x18c ./Inc/flex.o
 .debug_frame   0x0000018c       0x2c ./Src/main.o
 .debug_frame   0x000001b8       0x2c D:/ST/STM32CubeIDE_1.14.1/STM32CubeIDE/plugins/com.st.stm32cube.ide.mcu.externaltools.gnu-tools-for-stm32.12.3.rel1.win32_1.0.100.202403111256/tools/bin/../lib/gcc/arm-none-eabi/12.3.1/../../../../arm-none-eabi/lib/thumb/v7e-m+fp/hard\libc_nano.a(libc_a-init.o)

.debug_line_str
                0x00000000       0x69
 .debug_line_str
                0x00000000       0x69 ./Startup/startup_stm32f303vctx.o
